 09-03-2026 20:58:15:814 [pid=257049 tid=257049] WARN   0:140 unable to load,  liburcu-bp.so.6 

 09-03-2026 20:58:15:814 [pid=257049 tid=257049] WARN   0:140 unable to load,  liburcu-bp.so.1 

 09-03-2026 20:58:16:198 [pid=257049 tid=257049] WARN   0:184 failed to open /proc/driver/nvidia-fs/devcount  error: No such file or directory
 09-03-2026 20:58:16:198 [pid=257049 tid=257049] NOTICE  cufio-drv:1063 running in compatible mode
 09-03-2026 20:58:17:285 [pid=257049 tid=257049] ERROR  cufio-fs:79 mount option not found in mount table data device: /dev/nvme0n1p2
 09-03-2026 20:58:17:285 [pid=257049 tid=257049] NOTICE  cufio:289 cuFileHandleRegister GDS not supported or disabled by config, using cuFile posix read/write with compat mode enabled
 09-03-2026 20:58:17:303 [pid=257049 tid=258478] WARN   cufio_core:1856 checkIfHostMem returning false for devPtr: 0x7f0374000000 curesult =  0
 10-03-2026 01:07:40:551 [pid=350803 tid=350803] WARN   0:140 unable to load,  liburcu-bp.so.6 

 10-03-2026 01:07:40:551 [pid=350803 tid=350803] WARN   0:140 unable to load,  liburcu-bp.so.1 

 10-03-2026 01:07:40:861 [pid=350803 tid=350803] WARN   0:184 failed to open /proc/driver/nvidia-fs/devcount  error: No such file or directory
 10-03-2026 01:07:40:861 [pid=350803 tid=350803] NOTICE  cufio-drv:1063 running in compatible mode
 10-03-2026 01:07:42:185 [pid=350803 tid=350803] ERROR  cufio-fs:79 mount option not found in mount table data device: /dev/nvme0n1p2
 10-03-2026 01:07:42:185 [pid=350803 tid=350803] NOTICE  cufio:289 cuFileHandleRegister GDS not supported or disabled by config, using cuFile posix read/write with compat mode enabled
 10-03-2026 01:07:42:196 [pid=350803 tid=350949] WARN   cufio_core:1856 checkIfHostMem returning false for devPtr: 0x7f08c6000000 curesult =  0
 10-03-2026 01:11:24:176 [pid=353107 tid=353107] WARN   0:140 unable to load,  liburcu-bp.so.6 

 10-03-2026 01:11:24:176 [pid=353107 tid=353107] WARN   0:140 unable to load,  liburcu-bp.so.1 

 10-03-2026 01:11:24:491 [pid=353107 tid=353107] WARN   0:184 failed to open /proc/driver/nvidia-fs/devcount  error: No such file or directory
 10-03-2026 01:11:24:491 [pid=353107 tid=353107] NOTICE  cufio-drv:1063 running in compatible mode
 10-03-2026 01:11:25:661 [pid=353107 tid=353107] ERROR  cufio-fs:79 mount option not found in mount table data device: /dev/nvme0n1p2
 10-03-2026 01:11:25:661 [pid=353107 tid=353107] NOTICE  cufio:289 cuFileHandleRegister GDS not supported or disabled by config, using cuFile posix read/write with compat mode enabled
 10-03-2026 01:11:25:672 [pid=353107 tid=353250] WARN   cufio_core:1856 checkIfHostMem returning false for devPtr: 0x7f2044000000 curesult =  0
 10-03-2026 14:37:51:935 [pid=47742 tid=47742] WARN   0:140 unable to load,  liburcu-bp.so.6 

 10-03-2026 14:37:51:935 [pid=47742 tid=47742] WARN   0:140 unable to load,  liburcu-bp.so.1 

 10-03-2026 14:37:52:256 [pid=47742 tid=47742] WARN   0:184 failed to open /proc/driver/nvidia-fs/devcount  error: No such file or directory
 10-03-2026 14:37:52:256 [pid=47742 tid=47742] NOTICE  cufio-drv:1063 running in compatible mode
 10-03-2026 14:37:53:458 [pid=47742 tid=47742] ERROR  cufio-fs:79 mount option not found in mount table data device: /dev/nvme0n1p2
 10-03-2026 14:37:53:458 [pid=47742 tid=47742] NOTICE  cufio:289 cuFileHandleRegister GDS not supported or disabled by config, using cuFile posix read/write with compat mode enabled
 10-03-2026 14:37:53:477 [pid=47742 tid=48398] WARN   cufio_core:1856 checkIfHostMem returning false for devPtr: 0x7ff576000000 curesult =  0
 10-03-2026 15:34:30:111 [pid=71229 tid=71229] WARN   0:140 unable to load,  liburcu-bp.so.6 

 10-03-2026 15:34:30:111 [pid=71229 tid=71229] WARN   0:140 unable to load,  liburcu-bp.so.1 

 10-03-2026 15:34:30:514 [pid=71229 tid=71229] WARN   0:184 failed to open /proc/driver/nvidia-fs/devcount  error: No such file or directory
 10-03-2026 15:34:30:514 [pid=71229 tid=71229] NOTICE  cufio-drv:1063 running in compatible mode
 10-03-2026 15:34:32:138 [pid=71229 tid=71229] ERROR  cufio-fs:79 mount option not found in mount table data device: /dev/nvme0n1p2
 10-03-2026 15:34:32:138 [pid=71229 tid=71229] NOTICE  cufio:289 cuFileHandleRegister GDS not supported or disabled by config, using cuFile posix read/write with compat mode enabled
 10-03-2026 15:34:32:226 [pid=71229 tid=74935] WARN   cufio_core:1856 checkIfHostMem returning false for devPtr: 0x7f937e000000 curesult =  0
 10-03-2026 20:05:40:322 [pid=511578 tid=511578] WARN   0:140 unable to load,  liburcu-bp.so.6 

 10-03-2026 20:05:40:322 [pid=511578 tid=511578] WARN   0:140 unable to load,  liburcu-bp.so.1 

 10-03-2026 20:05:40:751 [pid=511578 tid=511578] WARN   0:184 failed to open /proc/driver/nvidia-fs/devcount  error: No such file or directory
 10-03-2026 20:05:40:751 [pid=511578 tid=511578] NOTICE  cufio-drv:1063 running in compatible mode
 10-03-2026 20:05:42:602 [pid=511578 tid=511578] ERROR  cufio-fs:79 mount option not found in mount table data device: /dev/nvme0n1p2
 10-03-2026 20:05:42:603 [pid=511578 tid=511578] NOTICE  cufio:289 cuFileHandleRegister GDS not supported or disabled by config, using cuFile posix read/write with compat mode enabled
 10-03-2026 20:05:42:701 [pid=511578 tid=511792] WARN   cufio_core:1856 checkIfHostMem returning false for devPtr: 0x7f8d06000000 curesult =  0
 10-03-2026 20:11:43:830 [pid=515205 tid=515205] WARN   0:140 unable to load,  liburcu-bp.so.6 

 10-03-2026 20:11:43:830 [pid=515205 tid=515205] WARN   0:140 unable to load,  liburcu-bp.so.1 

 10-03-2026 20:11:44:182 [pid=515205 tid=515205] WARN   0:184 failed to open /proc/driver/nvidia-fs/devcount  error: No such file or directory
 10-03-2026 20:11:44:182 [pid=515205 tid=515205] NOTICE  cufio-drv:1063 running in compatible mode
 10-03-2026 20:11:45:649 [pid=515205 tid=515205] ERROR  cufio-fs:79 mount option not found in mount table data device: /dev/nvme0n1p2
 10-03-2026 20:11:45:649 [pid=515205 tid=515205] NOTICE  cufio:289 cuFileHandleRegister GDS not supported or disabled by config, using cuFile posix read/write with compat mode enabled
 10-03-2026 20:11:45:691 [pid=515205 tid=515336] WARN   cufio_core:1856 checkIfHostMem returning false for devPtr: 0x7fad3a000000 curesult =  0
 29-03-2026 07:25:33:399 [pid=434206 tid=434206] WARN   0:140 unable to load,  liburcu-bp.so.6 

 29-03-2026 07:25:33:399 [pid=434206 tid=434206] WARN   0:140 unable to load,  liburcu-bp.so.1 

 29-03-2026 07:25:33:749 [pid=434206 tid=434206] WARN   0:184 failed to open /proc/driver/nvidia-fs/devcount  error: No such file or directory
 29-03-2026 07:25:33:749 [pid=434206 tid=434206] NOTICE  cufio-drv:1063 running in compatible mode
 29-03-2026 07:25:35:503 [pid=434206 tid=434206] ERROR  cufio-fs:79 mount option not found in mount table data device: /dev/nvme0n1p2
 29-03-2026 07:25:35:503 [pid=434206 tid=434206] NOTICE  cufio:289 cuFileHandleRegister GDS not supported or disabled by config, using cuFile posix read/write with compat mode enabled
 29-03-2026 07:25:35:561 [pid=434206 tid=434346] WARN   cufio_core:1856 checkIfHostMem returning false for devPtr: 0x7f2258000000 curesult =  0
 04-04-2026 00:22:45:545 [pid=254391 tid=254391] ERROR  0:140 unable to load,  liburcu-bp.so.6 

 04-04-2026 00:22:45:546 [pid=254391 tid=254391] ERROR  0:140 unable to load,  liburcu-bp.so.1 

 04-04-2026 00:22:45:926 [pid=254391 tid=254391] WARN   0:184 failed to open /proc/driver/nvidia-fs/devcount  error: No such file or directory
 04-04-2026 00:22:45:926 [pid=254391 tid=254391] NOTICE  cufio-drv:851 running in compatible mode
 04-04-2026 00:22:47:173 [pid=254391 tid=254391] ERROR  cufio-fs:79 mount option not found in mount table data device: /dev/nvme0n1p2
 04-04-2026 22:46:40:907 [pid=1029015 tid=1029015] ERROR  0:140 unable to load,  liburcu-bp.so.6 

 04-04-2026 22:46:40:908 [pid=1029015 tid=1029015] ERROR  0:140 unable to load,  liburcu-bp.so.1 

 04-04-2026 22:46:41:274 [pid=1029015 tid=1029015] WARN   0:184 failed to open /proc/driver/nvidia-fs/devcount  error: No such file or directory
 04-04-2026 22:46:41:274 [pid=1029015 tid=1029015] NOTICE  cufio-drv:851 running in compatible mode
 04-04-2026 22:46:42:871 [pid=1029015 tid=1029015] ERROR  cufio-fs:79 mount option not found in mount table data device: /dev/nvme0n1p2
 04-04-2026 23:03:22:858 [pid=1039246 tid=1039246] ERROR  0:140 unable to load,  liburcu-bp.so.6 

 04-04-2026 23:03:22:858 [pid=1039246 tid=1039246] ERROR  0:140 unable to load,  liburcu-bp.so.1 

 04-04-2026 23:03:23:220 [pid=1039246 tid=1039246] WARN   0:184 failed to open /proc/driver/nvidia-fs/devcount  error: No such file or directory
 04-04-2026 23:03:23:220 [pid=1039246 tid=1039246] NOTICE  cufio-drv:851 running in compatible mode
 04-04-2026 23:03:24:503 [pid=1039246 tid=1039246] ERROR  cufio-fs:79 mount option not found in mount table data device: /dev/nvme0n1p2
 05-04-2026 16:15:27:365 [pid=1460137 tid=1460137] ERROR  0:140 unable to load,  liburcu-bp.so.6 

 05-04-2026 16:15:27:369 [pid=1460137 tid=1460137] ERROR  0:140 unable to load,  liburcu-bp.so.1 

 05-04-2026 16:15:27:725 [pid=1460137 tid=1460137] WARN   0:184 failed to open /proc/driver/nvidia-fs/devcount  error: No such file or directory
 05-04-2026 16:15:27:725 [pid=1460137 tid=1460137] NOTICE  cufio-drv:851 running in compatible mode
 05-04-2026 16:15:29:592 [pid=1460137 tid=1460137] ERROR  cufio-fs:79 mount option not found in mount table data device: /dev/nvme0n1p2
 05-04-2026 16:51:32:418 [pid=1482731 tid=1482731] ERROR  0:140 unable to load,  liburcu-bp.so.6 

 05-04-2026 16:51:32:418 [pid=1482731 tid=1482731] ERROR  0:140 unable to load,  liburcu-bp.so.1 

 05-04-2026 16:51:32:802 [pid=1482731 tid=1482731] WARN   0:184 failed to open /proc/driver/nvidia-fs/devcount  error: No such file or directory
 05-04-2026 16:51:32:802 [pid=1482731 tid=1482731] NOTICE  cufio-drv:851 running in compatible mode
 05-04-2026 16:51:34:50 [pid=1482731 tid=1482731] ERROR  cufio-fs:79 mount option not found in mount table data device: /dev/nvme0n1p2
 05-04-2026 17:01:12:183 [pid=1492538 tid=1492538] ERROR  0:140 unable to load,  liburcu-bp.so.6 

 05-04-2026 17:01:12:184 [pid=1492538 tid=1492538] ERROR  0:140 unable to load,  liburcu-bp.so.1 

 05-04-2026 17:01:12:631 [pid=1492538 tid=1492538] WARN   0:184 failed to open /proc/driver/nvidia-fs/devcount  error: No such file or directory
 05-04-2026 17:01:12:631 [pid=1492538 tid=1492538] NOTICE  cufio-drv:851 running in compatible mode
 05-04-2026 17:01:13:867 [pid=1492538 tid=1492538] ERROR  cufio-fs:79 mount option not found in mount table data device: /dev/nvme0n1p2
 05-04-2026 21:18:19:302 [pid=2104953 tid=2104953] ERROR  0:140 unable to load,  liburcu-bp.so.6 

 05-04-2026 21:18:19:302 [pid=2104953 tid=2104953] ERROR  0:140 unable to load,  liburcu-bp.so.1 

 05-04-2026 21:18:19:696 [pid=2104953 tid=2104953] WARN   0:184 failed to open /proc/driver/nvidia-fs/devcount  error: No such file or directory
 05-04-2026 21:18:19:696 [pid=2104953 tid=2104953] NOTICE  cufio-drv:851 running in compatible mode
 05-04-2026 21:18:21:178 [pid=2104953 tid=2104953] ERROR  cufio-fs:79 mount option not found in mount table data device: /dev/nvme0n1p2
 05-04-2026 21:36:22:541 [pid=2124234 tid=2124234] ERROR  0:140 unable to load,  liburcu-bp.so.6 

 05-04-2026 21:36:22:541 [pid=2124234 tid=2124234] ERROR  0:140 unable to load,  liburcu-bp.so.1 

 05-04-2026 21:36:22:918 [pid=2124234 tid=2124234] WARN   0:184 failed to open /proc/driver/nvidia-fs/devcount  error: No such file or directory
 05-04-2026 21:36:22:918 [pid=2124234 tid=2124234] NOTICE  cufio-drv:851 running in compatible mode
 05-04-2026 21:36:24:194 [pid=2124234 tid=2124234] ERROR  cufio-fs:79 mount option not found in mount table data device: /dev/nvme0n1p2
 05-04-2026 22:24:45:750 [pid=2175304 tid=2175304] ERROR  0:140 unable to load,  liburcu-bp.so.6 

 05-04-2026 22:24:45:750 [pid=2175304 tid=2175304] ERROR  0:140 unable to load,  liburcu-bp.so.1 

 05-04-2026 22:24:46:113 [pid=2175304 tid=2175304] WARN   0:184 failed to open /proc/driver/nvidia-fs/devcount  error: No such file or directory
 05-04-2026 22:24:46:113 [pid=2175304 tid=2175304] NOTICE  cufio-drv:851 running in compatible mode
 05-04-2026 22:24:47:498 [pid=2175304 tid=2175304] ERROR  cufio-fs:79 mount option not found in mount table data device: /dev/nvme0n1p2
 05-04-2026 22:32:59:389 [pid=2188275 tid=2188275] ERROR  0:140 unable to load,  liburcu-bp.so.6 

 05-04-2026 22:32:59:390 [pid=2188275 tid=2188275] ERROR  0:140 unable to load,  liburcu-bp.so.1 

 05-04-2026 22:32:59:729 [pid=2188275 tid=2188275] WARN   0:184 failed to open /proc/driver/nvidia-fs/devcount  error: No such file or directory
 05-04-2026 22:32:59:729 [pid=2188275 tid=2188275] NOTICE  cufio-drv:851 running in compatible mode
 05-04-2026 22:33:01:179 [pid=2188275 tid=2188275] ERROR  cufio-fs:79 mount option not found in mount table data device: /dev/nvme0n1p2
 05-04-2026 22:47:41:115 [pid=4894 tid=4894] ERROR  0:140 unable to load,  liburcu-bp.so.6 

 05-04-2026 22:47:41:116 [pid=4894 tid=4894] ERROR  0:140 unable to load,  liburcu-bp.so.1 

 05-04-2026 22:47:41:442 [pid=4894 tid=4894] WARN   0:184 failed to open /proc/driver/nvidia-fs/devcount  error: No such file or directory
 05-04-2026 22:47:41:442 [pid=4894 tid=4894] NOTICE  cufio-drv:851 running in compatible mode
 05-04-2026 22:47:42:590 [pid=4894 tid=4894] ERROR  cufio-fs:79 mount option not found in mount table data device: /dev/nvme0n1p2
 05-04-2026 23:00:21:697 [pid=32583 tid=32583] ERROR  0:140 unable to load,  liburcu-bp.so.6 

 05-04-2026 23:00:21:697 [pid=32583 tid=32583] ERROR  0:140 unable to load,  liburcu-bp.so.1 

 05-04-2026 23:00:22:6 [pid=32583 tid=32583] WARN   0:184 failed to open /proc/driver/nvidia-fs/devcount  error: No such file or directory
 05-04-2026 23:00:22:6 [pid=32583 tid=32583] NOTICE  cufio-drv:851 running in compatible mode
 05-04-2026 23:00:23:150 [pid=32583 tid=32583] ERROR  cufio-fs:79 mount option not found in mount table data device: /dev/nvme0n1p2
 06-04-2026 06:37:56:231 [pid=237931 tid=237931] ERROR  0:140 unable to load,  liburcu-bp.so.6 

 06-04-2026 06:37:56:232 [pid=237931 tid=237931] ERROR  0:140 unable to load,  liburcu-bp.so.1 

 06-04-2026 06:37:56:563 [pid=237931 tid=237931] WARN   0:184 failed to open /proc/driver/nvidia-fs/devcount  error: No such file or directory
 06-04-2026 06:37:56:563 [pid=237931 tid=237931] NOTICE  cufio-drv:851 running in compatible mode
 06-04-2026 06:37:57:724 [pid=237931 tid=237931] ERROR  cufio-fs:79 mount option not found in mount table data device: /dev/nvme0n1p2
 06-04-2026 06:50:14:321 [pid=254975 tid=254975] ERROR  0:140 unable to load,  liburcu-bp.so.6 

 06-04-2026 06:50:14:322 [pid=254975 tid=254975] ERROR  0:140 unable to load,  liburcu-bp.so.1 

 06-04-2026 06:50:14:630 [pid=254975 tid=254975] WARN   0:184 failed to open /proc/driver/nvidia-fs/devcount  error: No such file or directory
 06-04-2026 06:50:14:630 [pid=254975 tid=254975] NOTICE  cufio-drv:851 running in compatible mode
 06-04-2026 06:50:15:764 [pid=254975 tid=254975] ERROR  cufio-fs:79 mount option not found in mount table data device: /dev/nvme0n1p2
 06-04-2026 07:01:13:625 [pid=282840 tid=282840] ERROR  0:140 unable to load,  liburcu-bp.so.6 

 06-04-2026 07:01:13:625 [pid=282840 tid=282840] ERROR  0:140 unable to load,  liburcu-bp.so.1 

 06-04-2026 07:01:13:958 [pid=282840 tid=282840] WARN   0:184 failed to open /proc/driver/nvidia-fs/devcount  error: No such file or directory
 06-04-2026 07:01:13:958 [pid=282840 tid=282840] NOTICE  cufio-drv:851 running in compatible mode
 06-04-2026 07:01:15:340 [pid=282840 tid=282840] ERROR  cufio-fs:79 mount option not found in mount table data device: /dev/nvme0n1p2
 07-04-2026 18:05:19:835 [pid=993446 tid=993446] ERROR  0:140 unable to load,  liburcu-bp.so.6 

 07-04-2026 18:05:19:835 [pid=993446 tid=993446] ERROR  0:140 unable to load,  liburcu-bp.so.1 

 07-04-2026 18:05:20:166 [pid=993446 tid=993446] WARN   0:184 failed to open /proc/driver/nvidia-fs/devcount  error: No such file or directory
 07-04-2026 18:05:20:166 [pid=993446 tid=993446] NOTICE  cufio-drv:851 running in compatible mode
 07-04-2026 18:05:21:406 [pid=993446 tid=993446] ERROR  cufio-fs:79 mount option not found in mount table data device: /dev/nvme0n1p2
 07-04-2026 18:20:42:556 [pid=1001750 tid=1001750] ERROR  0:140 unable to load,  liburcu-bp.so.6 

 07-04-2026 18:20:42:556 [pid=1001750 tid=1001750] ERROR  0:140 unable to load,  liburcu-bp.so.1 

 07-04-2026 18:20:42:923 [pid=1001750 tid=1001750] WARN   0:184 failed to open /proc/driver/nvidia-fs/devcount  error: No such file or directory
 07-04-2026 18:20:42:923 [pid=1001750 tid=1001750] NOTICE  cufio-drv:851 running in compatible mode
 07-04-2026 18:20:44:582 [pid=1001750 tid=1001750] ERROR  cufio-fs:79 mount option not found in mount table data device: /dev/nvme0n1p2
 08-04-2026 04:13:26:246 [pid=1269451 tid=1269451] ERROR  0:140 unable to load,  liburcu-bp.so.6 

 08-04-2026 04:13:26:246 [pid=1269451 tid=1269451] ERROR  0:140 unable to load,  liburcu-bp.so.1 

 08-04-2026 04:13:26:579 [pid=1269451 tid=1269451] WARN   0:184 failed to open /proc/driver/nvidia-fs/devcount  error: No such file or directory
 08-04-2026 04:13:26:580 [pid=1269451 tid=1269451] NOTICE  cufio-drv:851 running in compatible mode
 08-04-2026 04:13:27:966 [pid=1269451 tid=1269451] ERROR  cufio-fs:79 mount option not found in mount table data device: /dev/nvme0n1p2
 08-04-2026 05:12:52:168 [pid=1308291 tid=1308291] ERROR  0:140 unable to load,  liburcu-bp.so.6 

 08-04-2026 05:12:52:168 [pid=1308291 tid=1308291] ERROR  0:140 unable to load,  liburcu-bp.so.1 

 08-04-2026 05:12:52:499 [pid=1308291 tid=1308291] WARN   0:184 failed to open /proc/driver/nvidia-fs/devcount  error: No such file or directory
 08-04-2026 05:12:52:499 [pid=1308291 tid=1308291] NOTICE  cufio-drv:851 running in compatible mode
 08-04-2026 05:12:53:574 [pid=1308291 tid=1308291] ERROR  cufio-fs:79 mount option not found in mount table data device: /dev/nvme0n1p2
 08-04-2026 05:19:25:708 [pid=1321761 tid=1321761] ERROR  0:140 unable to load,  liburcu-bp.so.6 

 08-04-2026 05:19:25:708 [pid=1321761 tid=1321761] ERROR  0:140 unable to load,  liburcu-bp.so.1 

 08-04-2026 05:19:26:67 [pid=1321761 tid=1321761] WARN   0:184 failed to open /proc/driver/nvidia-fs/devcount  error: No such file or directory
 08-04-2026 05:19:26:67 [pid=1321761 tid=1321761] NOTICE  cufio-drv:851 running in compatible mode
 08-04-2026 05:19:27:512 [pid=1321761 tid=1321761] ERROR  cufio-fs:79 mount option not found in mount table data device: /dev/nvme0n1p2
 08-04-2026 05:30:02:50 [pid=5173 tid=5173] ERROR  0:140 unable to load,  liburcu-bp.so.6 

 08-04-2026 05:30:02:50 [pid=5173 tid=5173] ERROR  0:140 unable to load,  liburcu-bp.so.1 

 08-04-2026 05:30:02:379 [pid=5173 tid=5173] WARN   0:184 failed to open /proc/driver/nvidia-fs/devcount  error: No such file or directory
 08-04-2026 05:30:02:379 [pid=5173 tid=5173] NOTICE  cufio-drv:851 running in compatible mode
 08-04-2026 05:30:03:510 [pid=5173 tid=5173] ERROR  cufio-fs:79 mount option not found in mount table data device: /dev/nvme0n1p2
